// Jest Snapshot v1, https://goo.gl/fbAQLP

exports[`Report View should render correctly 1`] = `ShallowWrapper {}`;
